// Jest Snapshot v1, https://goo.gl/fbAQLP

exports[`base test snapshot test 1`] = `
<div
  className="footer"
>
  <div
    className="footer__textBox"
  >
    <p
      className="footer__textBox__heading"
    >
      ROD
    </p>
    <p
      className="footer__textBox__copyright"
    >
      Â© 
      2021
       Some amazing team
    </p>
  </div>
  <div
    className="footer__socials"
  >
    <img
      alt=""
      className="footer__socials__twitter"
      src="twitter.svg"
    />
    <img
      alt=""
      className="footer__socials__facebook"
      src="facebook.svg"
    />
    <img
      alt=""
      className="footer__socials__instagram"
      src="instagram.svg"
    />
  </div>
</div>
`;
