// Jest Snapshot v1, https://goo.gl/fbAQLP

exports[`base test snapshot test 1`] = `
<div
  className="footer"
>
  <p
    className="footer__name"
  >
    Where the fucking footer in the mobile version?
  </p>
</div>
`;
